Seeding factory: Carxen (cms2xzpw00000cb8l6vglwtn0)

1. Structure
  ✓ structure cleaned — 0 duplicate group(s), 0 junk field(s)
  ✓ field definitions completed — every {token} in a name template now resolves

2. Master records
  ✓ 42 vehicle generations across 28 models
  ✓ 8 designs (all with fabric consumption), 10 colours
  ✓ 6 suppliers, 8 customers — all contact fields filled
  ✓ 1 warehouse, 3 zones, 24 bins
  ✓ 6 departments, 0 employees with profiles
  ✓ production routes on 9 producible groups, each pointing at live departments

3. Components
  ✓ 21 fabrics, 3 foams, 8 threads, 12 other raw materials
  ✓ 8 consumables, 6 packaging items

4. Bill of materials
  ✓ 7 recipe lines on Seat Cover, 16 contributions

5. Produced items
  ✓ 15 semi-finished items
  ✓ 196 seat covers
  ✓ 40 other finished goods (mats, steering covers, neck pillows)

6. BOM overrides and blueprint rebuild
  ✓ 7 per-SKU BOM overrides (6 quantity, 1 removal)
  ✓ 23 of 394 blueprints rebuilt — none left without a BOM

7. Stock and transactions
  ✓ opening stock on 409 items across 24 bins
  ✓ 8 purchase orders across 4 statuses, 3 lines each
  ✓ 20 sales orders across 5 statuses, each resolved to a real item

─────────────────────────────────────────
┌────────────────┬────────┐
│ (index)        │ Values │
├────────────────┼────────┤
│ items          │ 472    │
│ finishedGoods  │ 407    │
│ blueprints     │ 413    │
│ bomItems       │ 2734   │
│ contributions  │ 16     │
│ overrides      │ 7      │
│ salesOrders    │ 20     │
│ purchaseOrders │ 8      │
│ stockRows      │ 409    │
│ employees      │ 17     │
└────────────────┴────────┘

✓ every item name renders complete — no unanswered template tokens

✅ Seed complete.
