[    1142ms] [INFO] %cDownload the React DevTools for a better development experience: https://react.dev/link/react-devtools font-weight:bold @ http://localhost:3000/_next/static/chunks/node_modules_next_dist_1e8vcs8._.js:776
[    1150ms] [LOG] [HMR] connected @ http://localhost:3000/_next/static/chunks/node_modules_next_dist_1e8vcs8._.js:776
[   55734ms] [LOG] [Fast Refresh] rebuilding @ http://localhost:3000/_next/static/chunks/node_modules_next_dist_1e8vcs8._.js:776
[   55781ms] [LOG] [Fast Refresh] done in 60ms @ http://localhost:3000/_next/static/chunks/node_modules_next_dist_1e8vcs8._.js:776
[   56658ms] Error: Command already registered: verity.location.create_place
    at registerCommand (about://React/Server/file:///Users/naksh/Downloads/verity/.next/dev/server/chunks/ssr/%5Broot-of-the-server%5D__1gjxe1c._.js?99:14449:38)
    at registerLocationCapability (about://React/Server/file:///Users/naksh/Downloads/verity/.next/dev/server/chunks/ssr/%5Broot-of-the-server%5D__1gjxe1c._.js?100:3249:177)
    at installCapabilities (about://React/Server/file:///Users/naksh/Downloads/verity/.next/dev/server/chunks/ssr/%5Broot-of-the-server%5D__1gjxe1c._.js?101:11915:186)
    at ShellLayout (about://React/Server/file:///Users/naksh/Downloads/verity/.next/dev/server/chunks/ssr/%255Broot-of-the-server%255D__0cl_zho._.js?id=%255Bproject%255D/src/app/(shell)/layout.tsx+%255Bapp-rsc%255D+(ecmascript)?102:35:170)
    at resolveErrorDev (http://localhost:3000/_next/static/chunks/node_modules_next_dist_compiled_react-server-dom-turbopack_164kp-6._.js:1937:150)
    at processFullStringRow (http://localhost:3000/_next/static/chunks/node_modules_next_dist_compiled_react-server-dom-turbopack_164kp-6._.js:2456:29)
    at processFullBinaryRow (http://localhost:3000/_next/static/chunks/node_modules_next_dist_compiled_react-server-dom-turbopack_164kp-6._.js:2415:9)
    at processBinaryChunk (http://localhost:3000/_next/static/chunks/node_modules_next_dist_compiled_react-server-dom-turbopack_164kp-6._.js:2524:221)
    at progress (http://localhost:3000/_next/static/chunks/node_modules_next_dist_compiled_react-server-dom-turbopack_164kp-6._.js:2711:13)
[   56627ms] [LOG] [Fast Refresh] done in 60ms @ http://localhost:3000/_next/static/chunks/node_modules_next_dist_1e8vcs8._.js:776
[   56676ms] [LOG] [Fast Refresh] done in 60ms @ http://localhost:3000/_next/static/chunks/node_modules_next_dist_1e8vcs8._.js:776
[   82962ms] [LOG] [Fast Refresh] rebuilding @ http://localhost:3000/_next/static/chunks/node_modules_next_dist_1e8vcs8._.js:776
[   82963ms] [WARNING] [Fast Refresh] performing full reload because your application had an unrecoverable error @ http://localhost:3000/_next/static/chunks/node_modules_next_dist_1e8vcs8._.js:776
[   82998ms] Error: Command already registered: verity.location.create_place
    at registerCommand (about://React/Server/file:///Users/naksh/Downloads/verity/.next/dev/server/chunks/ssr/%5Broot-of-the-server%5D__1gjxe1c._.js?99:14449:38)
    at registerLocationCapability (about://React/Server/file:///Users/naksh/Downloads/verity/.next/dev/server/chunks/ssr/%5Broot-of-the-server%5D__1gjxe1c._.js?100:3249:177)
    at installCapabilities (about://React/Server/file:///Users/naksh/Downloads/verity/.next/dev/server/chunks/ssr/%5Broot-of-the-server%5D__1gjxe1c._.js?101:11915:186)
    at ShellLayout (about://React/Server/file:///Users/naksh/Downloads/verity/.next/dev/server/chunks/ssr/%255Broot-of-the-server%255D__0cl_zho._.js?id=%255Bproject%255D/src/app/(shell)/layout.tsx+%255Bapp-rsc%255D+(ecmascript)?102:35:170)
    at resolveErrorDev (http://localhost:3000/_next/static/chunks/node_modules_next_dist_compiled_react-server-dom-turbopack_164kp-6._.js:1937:150)
    at processFullStringRow (http://localhost:3000/_next/static/chunks/node_modules_next_dist_compiled_react-server-dom-turbopack_164kp-6._.js:2456:29)
    at processFullBinaryRow (http://localhost:3000/_next/static/chunks/node_modules_next_dist_compiled_react-server-dom-turbopack_164kp-6._.js:2415:9)
    at processBinaryChunk (http://localhost:3000/_next/static/chunks/node_modules_next_dist_compiled_react-server-dom-turbopack_164kp-6._.js:2524:221)
    at progress (http://localhost:3000/_next/static/chunks/node_modules_next_dist_compiled_react-server-dom-turbopack_164kp-6._.js:2711:13)
[   83035ms] [LOG] [Fast Refresh] done in 84ms @ http://localhost:3000/_next/static/chunks/node_modules_next_dist_1e8vcs8._.js:776
[   83373ms] [LOG] [Fast Refresh] done in 84ms @ http://localhost:3000/_next/static/chunks/node_modules_next_dist_1e8vcs8._.js:776
[   83382ms] [ERROR] Failed to load resource: the server responded with a status of 500 (Internal Server Error) @ http://localhost:3000/roles:0
[   83408ms] [INFO] %cDownload the React DevTools for a better development experience: https://react.dev/link/react-devtools font-weight:bold @ http://localhost:3000/_next/static/chunks/node_modules_next_dist_1e8vcs8._.js:776
[   83414ms] [LOG] [HMR] connected @ http://localhost:3000/_next/static/chunks/node_modules_next_dist_1e8vcs8._.js:776
[   83454ms] Error: Command already registered: verity.location.create_place
    at registerCommand (about://React/Server/file:///Users/naksh/Downloads/verity/.next/dev/server/chunks/ssr/%5Broot-of-the-server%5D__1gjxe1c._.js?0:14449:38)
    at registerLocationCapability (about://React/Server/file:///Users/naksh/Downloads/verity/.next/dev/server/chunks/ssr/%5Broot-of-the-server%5D__1gjxe1c._.js?1:3249:177)
    at installCapabilities (about://React/Server/file:///Users/naksh/Downloads/verity/.next/dev/server/chunks/ssr/%5Broot-of-the-server%5D__1gjxe1c._.js?2:11915:186)
    at ShellLayout (about://React/Server/file:///Users/naksh/Downloads/verity/.next/dev/server/chunks/ssr/%255Broot-of-the-server%255D__0cl_zho._.js?id=%255Bproject%255D/src/app/(shell)/layout.tsx+%255Bapp-rsc%255D+(ecmascript)?3:35:170)
    at resolveErrorDev (http://localhost:3000/_next/static/chunks/node_modules_next_dist_compiled_react-server-dom-turbopack_164kp-6._.js:1937:105)
    at processFullStringRow (http://localhost:3000/_next/static/chunks/node_modules_next_dist_compiled_react-server-dom-turbopack_164kp-6._.js:2456:29)
    at processFullBinaryRow (http://localhost:3000/_next/static/chunks/node_modules_next_dist_compiled_react-server-dom-turbopack_164kp-6._.js:2415:9)
    at processBinaryChunk (http://localhost:3000/_next/static/chunks/node_modules_next_dist_compiled_react-server-dom-turbopack_164kp-6._.js:2524:221)
    at progress (http://localhost:3000/_next/static/chunks/node_modules_next_dist_compiled_react-server-dom-turbopack_164kp-6._.js:2711:13)
[  109339ms] [INFO] %cDownload the React DevTools for a better development experience: https://react.dev/link/react-devtools font-weight:bold @ http://localhost:3000/_next/static/chunks/node_modules_next_dist_1e8vcs8._.js:776
[  109346ms] [LOG] [HMR] connected @ http://localhost:3000/_next/static/chunks/node_modules_next_dist_1e8vcs8._.js:776
[  118164ms] [LOG] [Fast Refresh] rebuilding @ http://localhost:3000/_next/static/chunks/node_modules_next_dist_1e8vcs8._.js:776
[  118214ms] [LOG] [Fast Refresh] done in 48ms @ http://localhost:3000/_next/static/chunks/node_modules_next_dist_1e8vcs8._.js:776
[  118525ms] [LOG] [Fast Refresh] done in 48ms @ http://localhost:3000/_next/static/chunks/node_modules_next_dist_1e8vcs8._.js:776
[  144819ms] [LOG] [Fast Refresh] rebuilding @ http://localhost:3000/_next/static/chunks/node_modules_next_dist_1e8vcs8._.js:776
[  144850ms] [LOG] [Fast Refresh] done in 8ms @ http://localhost:3000/_next/static/chunks/node_modules_next_dist_1e8vcs8._.js:776
[  145174ms] [LOG] [Fast Refresh] done in 8ms @ http://localhost:3000/_next/static/chunks/node_modules_next_dist_1e8vcs8._.js:776
[  153295ms] [LOG] [Fast Refresh] done in 8ms @ http://localhost:3000/_next/static/chunks/node_modules_next_dist_1e8vcs8._.js:776
