[    4826ms] [INFO] %cDownload the React DevTools for a better development experience: https://react.dev/link/react-devtools font-weight:bold @ http://localhost:3000/_next/static/chunks/node_modules_next_dist_1e8vcs8._.js:776
[    4831ms] [LOG] [HMR] connected @ http://localhost:3000/_next/static/chunks/node_modules_next_dist_1e8vcs8._.js:776
[   89290ms] [LOG] [Fast Refresh] rebuilding @ http://localhost:3000/_next/static/chunks/node_modules_next_dist_1e8vcs8._.js:776
[   89329ms] [LOG] [Fast Refresh] done in 118ms @ http://localhost:3000/_next/static/chunks/node_modules_next_dist_1e8vcs8._.js:776
[   90049ms] [LOG] [Fast Refresh] done in 118ms @ http://localhost:3000/_next/static/chunks/node_modules_next_dist_1e8vcs8._.js:776
[   90108ms] Error: Command already registered: verity.location.create_place
    at registerCommand (about://React/Server/file:///Users/naksh/Downloads/verity/.next/dev/server/chunks/ssr/%5Broot-of-the-server%5D__1gjxe1c._.js?133:14449:38)
    at registerLocationCapability (about://React/Server/file:///Users/naksh/Downloads/verity/.next/dev/server/chunks/ssr/%5Broot-of-the-server%5D__1gjxe1c._.js?134:3249:177)
    at installCapabilities (about://React/Server/file:///Users/naksh/Downloads/verity/.next/dev/server/chunks/ssr/%5Broot-of-the-server%5D__1gjxe1c._.js?135:11915:186)
    at ShellLayout (about://React/Server/file:///Users/naksh/Downloads/verity/.next/dev/server/chunks/ssr/%255Broot-of-the-server%255D__0cl_zho._.js?id=%255Bproject%255D/src/app/(shell)/layout.tsx+%255Bapp-rsc%255D+(ecmascript)?136:35:170)
    at resolveErrorDev (http://localhost:3000/_next/static/chunks/node_modules_next_dist_compiled_react-server-dom-turbopack_164kp-6._.js:1937:150)
    at processFullStringRow (http://localhost:3000/_next/static/chunks/node_modules_next_dist_compiled_react-server-dom-turbopack_164kp-6._.js:2456:29)
    at processFullBinaryRow (http://localhost:3000/_next/static/chunks/node_modules_next_dist_compiled_react-server-dom-turbopack_164kp-6._.js:2415:9)
    at processBinaryChunk (http://localhost:3000/_next/static/chunks/node_modules_next_dist_compiled_react-server-dom-turbopack_164kp-6._.js:2524:221)
    at progress (http://localhost:3000/_next/static/chunks/node_modules_next_dist_compiled_react-server-dom-turbopack_164kp-6._.js:2711:13)
[   90146ms] [LOG] [Fast Refresh] done in 118ms @ http://localhost:3000/_next/static/chunks/node_modules_next_dist_1e8vcs8._.js:776
[  110694ms] [LOG] [Fast Refresh] rebuilding @ http://localhost:3000/_next/static/chunks/node_modules_next_dist_1e8vcs8._.js:776
[  110725ms] [LOG] [Fast Refresh] done in 51ms @ http://localhost:3000/_next/static/chunks/node_modules_next_dist_1e8vcs8._.js:776
[  111097ms] [LOG] [Fast Refresh] done in 51ms @ http://localhost:3000/_next/static/chunks/node_modules_next_dist_1e8vcs8._.js:776
[  111106ms] [ERROR] Failed to load resource: the server responded with a status of 500 (Internal Server Error) @ http://localhost:3000/sales:0
[  111128ms] [INFO] %cDownload the React DevTools for a better development experience: https://react.dev/link/react-devtools font-weight:bold @ http://localhost:3000/_next/static/chunks/node_modules_next_dist_1e8vcs8._.js:776
[  111138ms] [LOG] [HMR] connected @ http://localhost:3000/_next/static/chunks/node_modules_next_dist_1e8vcs8._.js:776
[  111184ms] Error: Command already registered: verity.location.create_place
    at registerCommand (about://React/Server/file:///Users/naksh/Downloads/verity/.next/dev/server/chunks/ssr/%5Broot-of-the-server%5D__1gjxe1c._.js?0:14449:38)
    at registerLocationCapability (about://React/Server/file:///Users/naksh/Downloads/verity/.next/dev/server/chunks/ssr/%5Broot-of-the-server%5D__1gjxe1c._.js?1:3249:177)
    at installCapabilities (about://React/Server/file:///Users/naksh/Downloads/verity/.next/dev/server/chunks/ssr/%5Broot-of-the-server%5D__1gjxe1c._.js?2:11915:186)
    at ShellLayout (about://React/Server/file:///Users/naksh/Downloads/verity/.next/dev/server/chunks/ssr/%255Broot-of-the-server%255D__0cl_zho._.js?id=%255Bproject%255D/src/app/(shell)/layout.tsx+%255Bapp-rsc%255D+(ecmascript)?3:35:170)
    at resolveErrorDev (http://localhost:3000/_next/static/chunks/node_modules_next_dist_compiled_react-server-dom-turbopack_164kp-6._.js:1937:105)
    at processFullStringRow (http://localhost:3000/_next/static/chunks/node_modules_next_dist_compiled_react-server-dom-turbopack_164kp-6._.js:2456:29)
    at processFullBinaryRow (http://localhost:3000/_next/static/chunks/node_modules_next_dist_compiled_react-server-dom-turbopack_164kp-6._.js:2415:9)
    at processBinaryChunk (http://localhost:3000/_next/static/chunks/node_modules_next_dist_compiled_react-server-dom-turbopack_164kp-6._.js:2524:221)
    at progress (http://localhost:3000/_next/static/chunks/node_modules_next_dist_compiled_react-server-dom-turbopack_164kp-6._.js:2711:13)
[  112414ms] [ERROR] Failed to load resource: the server responded with a status of 404 (Not Found) @ http://localhost:3000/favicon.ico:0
[  130390ms] [INFO] %cDownload the React DevTools for a better development experience: https://react.dev/link/react-devtools font-weight:bold @ http://localhost:3000/_next/static/chunks/node_modules_next_dist_1e8vcs8._.js:776
[  130399ms] [LOG] [HMR] connected @ http://localhost:3000/_next/static/chunks/node_modules_next_dist_1e8vcs8._.js:776
